mkdir -p build/tests/
cc  -D_POSIX_C_SOURCE=200809L -Iinclude -Wall -Wextra -Wpedantic -Wshadow -std=c99 -O2  -o build/tests/locale_probe tests/locale_probe.c
mkdir -p build/tests/
cc  -D_POSIX_C_SOURCE=200809L -Iinclude -Wall -Wextra -Wpedantic -Wshadow -std=c99 -O2 -include tests/pathname_runtime_faults.h -c src/pathname.c -o build/tests/pathname-runtime-pathname.o
cc  -D_POSIX_C_SOURCE=200809L -Iinclude -Wall -Wextra -Wpedantic -Wshadow -std=c99 -O2  -o build/tests/pathname_runtime_faults tests/pathname_runtime_faults.c build/tests/pathname-runtime-pathname.o build/main.o build/jobs.o build/traps.o build/builtin.o build/utility.o build/execute.o build/prepare.o build/redirect.o build/parser.o build/ast.o build/lexer.o build/input.o build/quote.o build/state.o build/alias.o build/expand.o build/arithmetic.o build/fields.o build/invocation.o build/character.o
python3 tests/locale_pathname.py ./cshell build/tests/locale_probe build/tests/pathname_runtime_faults --record build/tests/locale-pathname-results.json
PASS: symlink and trailing slash (string)
PASS: symlink and trailing slash (file)
PASS: symlink and trailing slash (stdin)
PASS: quoted prefix and repeated slash (string)
PASS: quoted prefix and repeated slash (file)
PASS: quoted prefix and repeated slash (stdin)
PASS: owned read versus search permissions (string)
PASS: owned read versus search permissions (file)
PASS: owned read versus search permissions (stdin)
PASS: SH-003 unreadable unreadable (file)
PASS: SH-003 unreadable ./unreadable (file)
PASS: partial readdir EACCES (string)
PASS: partial readdir EACCES (file)
PASS: partial readdir EACCES (stdin)
PASS: partial readdir ENOENT (string)
PASS: partial readdir ENOENT (file)
PASS: partial readdir ENOENT (stdin)
PASS: readdir EIO project failure policy (string)
PASS: readdir EIO project failure policy (file)
PASS: readdir EIO project failure policy (stdin)
PASS: defined multicharacter element in case removal pathname (string)
PASS: defined multicharacter element in case removal pathname (file)
PASS: defined multicharacter element in case removal pathname (stdin)
PASS: defined equivalence class and quoted bracket (string)
PASS: defined equivalence class and quoted bracket (file)
PASS: defined equivalence class and quoted bracket (stdin)
PASS: single-shift source expansion read 8eb6 (string)
PASS: single-shift source expansion read 8eb6 (file)
PASS: single-shift source expansion read 8eb6 (stdin)
PASS: single-shift alias reusable output 8eb6 (string)
PASS: single-shift alias reusable output 8eb6 (file)
PASS: single-shift alias reusable output 8eb6 (stdin)
PASS: single-shift dollar escape protection 8eb6 (string)
PASS: single-shift dollar escape protection 8eb6 (file)
PASS: single-shift dollar escape protection 8eb6 (stdin)
PASS: single-shift source expansion read 8fa2af (string)
PASS: single-shift source expansion read 8fa2af (file)
PASS: single-shift source expansion read 8fa2af (stdin)
PASS: single-shift alias reusable output 8fa2af (string)
PASS: single-shift alias reusable output 8fa2af (file)
PASS: single-shift alias reusable output 8fa2af (stdin)
PASS: single-shift dollar escape protection 8fa2af (string)
PASS: single-shift dollar escape protection 8fa2af (file)
PASS: single-shift dollar escape protection 8fa2af (stdin)
PASS: alias diagnostic language policy C (string)
PASS: alias diagnostic language policy C (file)
PASS: alias diagnostic language policy C (stdin)
PASS: unalias diagnostic language policy C (string)
PASS: unalias diagnostic language policy C (file)
PASS: unalias diagnostic language policy C (stdin)
PASS: alias diagnostic language policy fr_FR.UTF-8 (string)
PASS: alias diagnostic language policy fr_FR.UTF-8 (file)
PASS: alias diagnostic language policy fr_FR.UTF-8 (stdin)
PASS: unalias diagnostic language policy fr_FR.UTF-8 (string)
PASS: unalias diagnostic language policy fr_FR.UTF-8 (file)
PASS: unalias diagnostic language policy fr_FR.UTF-8 (stdin)
CSH-067: 56 passed, 0 failed, 0 capability skips
