WARN worktree: docs/tickets/CSH-044-intermittent-bg-prompt.md: historical shared branch identifies CSH-037
WARN worktree: docs/tickets/CSH-045-jobs-fixture-timeout.md: historical shared branch identifies CSH-037
WARN e0166e021da2277b4f87da22c41ff96c704a4b82: docs/tickets/CSH-044-intermittent-bg-prompt.md: historical shared branch identifies CSH-037
WARN e0166e021da2277b4f87da22c41ff96c704a4b82: docs/tickets/CSH-045-jobs-fixture-timeout.md: historical shared branch identifies CSH-037
WARN edf72b6a94523a45e188b86fadc555206ad0f6f2: docs/tickets/CSH-044-intermittent-bg-prompt.md: historical shared branch identifies CSH-037
WARN edf72b6a94523a45e188b86fadc555206ad0f6f2: docs/tickets/CSH-045-jobs-fixture-timeout.md: historical shared branch identifies CSH-037
WARN 1ecae53480204bfb26251d35f621c0635698c62b: docs/tickets/CSH-044-intermittent-bg-prompt.md: historical shared branch identifies CSH-037
WARN 1ecae53480204bfb26251d35f621c0635698c62b: docs/tickets/CSH-045-jobs-fixture-timeout.md: historical shared branch identifies CSH-037
WARN 59032011fdf8060e8f7c6fc29bdac4ff25b95614: docs/tickets/CSH-044-intermittent-bg-prompt.md: historical shared branch identifies CSH-037
WARN 59032011fdf8060e8f7c6fc29bdac4ff25b95614: docs/tickets/CSH-045-jobs-fixture-timeout.md: historical shared branch identifies CSH-037
WARN c02e17fe744d5cbe9737d2575998609976b06da2: docs/tickets/CSH-044-intermittent-bg-prompt.md: historical shared branch identifies CSH-037
WARN c02e17fe744d5cbe9737d2575998609976b06da2: docs/tickets/CSH-045-jobs-fixture-timeout.md: historical shared branch identifies CSH-037
WARN bd158963d8dcf4211581c61a34d859283eada320: docs/tickets/CSH-044-intermittent-bg-prompt.md: historical shared branch identifies CSH-037
WARN bd158963d8dcf4211581c61a34d859283eada320: docs/tickets/CSH-045-jobs-fixture-timeout.md: historical shared branch identifies CSH-037
WARN 6c5218c54c9d29df80faf67640728b1a76c87622: docs/tickets/CSH-044-intermittent-bg-prompt.md: historical shared branch identifies CSH-037
WARN 6c5218c54c9d29df80faf67640728b1a76c87622: docs/tickets/CSH-045-jobs-fixture-timeout.md: historical shared branch identifies CSH-037
WARN 321cadb7041eb37d24870a0642d3ab4af3a5f761: docs/tickets/CSH-044-intermittent-bg-prompt.md: historical shared branch identifies CSH-037
WARN 321cadb7041eb37d24870a0642d3ab4af3a5f761: docs/tickets/CSH-045-jobs-fixture-timeout.md: historical shared branch identifies CSH-037
WARN 96b1a669c0d619912bd7d1a700ddd3875c7e5583: docs/tickets/CSH-044-intermittent-bg-prompt.md: historical shared branch identifies CSH-037
WARN 96b1a669c0d619912bd7d1a700ddd3875c7e5583: docs/tickets/CSH-045-jobs-fixture-timeout.md: historical shared branch identifies CSH-037
WARN 2f21c2821253234b3122267b44dba397b225df9e: docs/tickets/CSH-044-intermittent-bg-prompt.md: historical shared branch identifies CSH-037
WARN 2f21c2821253234b3122267b44dba397b225df9e: docs/tickets/CSH-045-jobs-fixture-timeout.md: historical shared branch identifies CSH-037
WARN 00d2146696033260bf0723a0557fe7111e704e74: docs/tickets/CSH-044-intermittent-bg-prompt.md: historical shared branch identifies CSH-037
WARN 00d2146696033260bf0723a0557fe7111e704e74: docs/tickets/CSH-045-jobs-fixture-timeout.md: historical shared branch identifies CSH-037
WARN c1ff297eab6c5d0cccdf1354cd596d6a74b56c19: docs/tickets/CSH-044-intermittent-bg-prompt.md: historical shared branch identifies CSH-037
WARN c1ff297eab6c5d0cccdf1354cd596d6a74b56c19: docs/tickets/CSH-045-jobs-fixture-timeout.md: historical shared branch identifies CSH-037
WARN ed3b7b23c9033b0e6654f7787d755ccad3a9a30f: docs/tickets/CSH-044-intermittent-bg-prompt.md: historical shared branch identifies CSH-037
WARN ed3b7b23c9033b0e6654f7787d755ccad3a9a30f: docs/tickets/CSH-045-jobs-fixture-timeout.md: historical shared branch identifies CSH-037
WARN 08e7dd79f063fdf74dfcd985777ff3fa3fbb3a70: docs/tickets/CSH-044-intermittent-bg-prompt.md: historical shared branch identifies CSH-037
WARN 08e7dd79f063fdf74dfcd985777ff3fa3fbb3a70: docs/tickets/CSH-045-jobs-fixture-timeout.md: historical shared branch identifies CSH-037
PASS: ticket identities; 84 shared reservations; 15 snapshots
